[INFO] Scanning for projects...
[WARNING] 
[WARNING] Some problems were encountered while building the effective model for com.example:graph-mcpserver:jar:0.0.2-SNAPSHOT
[WARNING] 'dependencies.dependency.scope' for org.junit:junit-bom:pom must be one of [provided, compile, runtime, test, system] but is 'import'. @ line 68, column 20
[WARNING] 
[WARNING] It is highly recommended to fix these problems because they threaten the stability of your build.
[WARNING] 
[WARNING] For this reason, future Maven versions might no longer support building such malformed projects.
[WARNING] 
[INFO] 
[INFO] --------------------< com.example:graph-mcpserver >---------------------
[INFO] Building graph-mcpserver 0.0.2-SNAPSHOT
[INFO]   from pom.xml
[INFO] --------------------------------[ jar ]---------------------------------
[INFO] 
[INFO] >>> spring-boot:3.4.5:run (default-cli) > test-compile @ graph-mcpserver >>>
[INFO] 
[INFO] --- resources:3.3.1:resources (default-resources) @ graph-mcpserver ---
[INFO] Copying 2 resources from src/main/resources to target/classes
[INFO] Copying 0 resource from src/main/resources to target/classes
[INFO] 
[INFO] --- compiler:3.13.0:compile (default-compile) @ graph-mcpserver ---
[INFO] Nothing to compile - all classes are up to date.
[INFO] 
[INFO] --- resources:3.3.1:testResources (default-testResources) @ graph-mcpserver ---
[INFO] skip non existing resourceDirectory /Users/admin/workspace/graph-mcpserver/src/test/resources
[INFO] 
[INFO] --- compiler:3.13.0:testCompile (default-testCompile) @ graph-mcpserver ---
[INFO] Nothing to compile - all classes are up to date.
[INFO] 
[INFO] <<< spring-boot:3.4.5:run (default-cli) < test-compile @ graph-mcpserver <<<
[INFO] 
[INFO] 
[INFO] --- spring-boot:3.4.5:run (default-cli) @ graph-mcpserver ---
[INFO] Attaching agents: []
2025-07-11T18:23:15.597+08:00  INFO 99819 --- [knowledge-graph-algorithrm-service] [           main] com.example.graph.MCPGraphApplication    : Starting MCPGraphApplication using Java 21.0.4 with PID 99819 (/Users/admin/workspace/graph-mcpserver/target/classes started by admin in /Users/admin/workspace/graph-mcpserver)
2025-07-11T18:23:15.600+08:00  INFO 99819 --- [knowledge-graph-algorithrm-service] [           main] com.example.graph.MCPGraphApplication    : The following 1 profile is active: "dev"
2025-07-11T18:23:16.134+08:00  INFO 99819 --- [knowledge-graph-algorithrm-service] [           main] o.s.a.m.s.a.McpServerAutoConfiguration   : Enable tools capabilities, notification: true
2025-07-11T18:23:16.135+08:00  INFO 99819 --- [knowledge-graph-algorithrm-service] [           main] o.s.a.m.s.a.McpServerAutoConfiguration   : Registered tools: 5
2025-07-11T18:23:16.135+08:00  INFO 99819 --- [knowledge-graph-algorithrm-service] [           main] o.s.a.m.s.a.McpServerAutoConfiguration   : Enable resources capabilities, notification: true
2025-07-11T18:23:16.135+08:00  INFO 99819 --- [knowledge-graph-algorithrm-service] [           main] o.s.a.m.s.a.McpServerAutoConfiguration   : Enable prompts capabilities, notification: true
2025-07-11T18:23:16.135+08:00  INFO 99819 --- [knowledge-graph-algorithrm-service] [           main] o.s.a.m.s.a.McpServerAutoConfiguration   : Enable completions capabilities
2025-07-11T18:23:16.190+08:00 ERROR 99819 --- [knowledge-graph-algorithrm-service] [           main] i.n.r.d.DnsServerAddressStreamProviders  : Unable to load io.netty.resolver.dns.macos.MacOSDnsServerAddressStreamProvider, fallback to system defaults. This may result in incorrect DNS resolutions on MacOS. Check whether you have a dependency on 'io.netty:netty-resolver-dns-native-macos'. Use DEBUG level to see the full stack: java.lang.UnsatisfiedLinkError: failed to load the required native library
2025-07-11T18:23:16.233+08:00  INFO 99819 --- [knowledge-graph-algorithrm-service] [           main] o.s.b.web.embedded.netty.NettyWebServer  : Netty started on port 5821 (http)
2025-07-11T18:23:16.240+08:00  INFO 99819 --- [knowledge-graph-algorithrm-service] [           main] com.example.graph.MCPGraphApplication    : Started MCPGraphApplication in 0.812 seconds (process running for 0.94)
2025-07-11T18:26:03.069+08:00  INFO 99819 --- [knowledge-graph-algorithrm-service] [ionShutdownHook] o.s.b.w.embedded.netty.GracefulShutdown  : Commencing graceful shutdown. Waiting for active requests to complete
2025-07-11T18:26:03.070+08:00  INFO 99819 --- [knowledge-graph-algorithrm-service] [ netty-shutdown] o.s.b.w.embedded.netty.GracefulShutdown  : Graceful shutdown complete
