[INFO] Scanning for projects...
[INFO] 
[INFO] --------------------< com.example:graph-mcpserver >---------------------
[INFO] Building graph-mcpserver 0.0.2-SNAPSHOT
[INFO]   from pom.xml
[INFO] --------------------------------[ jar ]---------------------------------
[INFO] 
[INFO] >>> spring-boot:3.4.5:run (default-cli) > test-compile @ graph-mcpserver >>>
[INFO] 
[INFO] --- resources:3.3.1:resources (default-resources) @ graph-mcpserver ---
[INFO] Copying 2 resources from src/main/resources to target/classes
[INFO] Copying 0 resource from src/main/resources to target/classes
[INFO] 
[INFO] --- compiler:3.13.0:compile (default-compile) @ graph-mcpserver ---
[INFO] Nothing to compile - all classes are up to date.
[INFO] 
[INFO] --- resources:3.3.1:testResources (default-testResources) @ graph-mcpserver ---
[INFO] skip non existing resourceDirectory /Users/admin/workspace/graph-mcpserver/src/test/resources
[INFO] 
[INFO] --- compiler:3.13.0:testCompile (default-testCompile) @ graph-mcpserver ---
[INFO] Nothing to compile - all classes are up to date.
[INFO] 
[INFO] <<< spring-boot:3.4.5:run (default-cli) < test-compile @ graph-mcpserver <<<
[INFO] 
[INFO] 
[INFO] --- spring-boot:3.4.5:run (default-cli) @ graph-mcpserver ---
[INFO] Attaching agents: []
2025-07-21T21:41:42.945+08:00  INFO 25598 --- [knowledge-graph-algorithrm-service] [           main] com.example.graph.MCPGraphApplication    : Starting MCPGraphApplication using Java 17.0.6 with PID 25598 (/Users/admin/workspace/graph-mcpserver/target/classes started by admin in /Users/admin/workspace/graph-mcpserver)
2025-07-21T21:41:42.948+08:00 DEBUG 25598 --- [knowledge-graph-algorithrm-service] [           main] com.example.graph.MCPGraphApplication    : Running with Spring Boot v3.4.5, Spring v6.2.6
2025-07-21T21:41:42.950+08:00  INFO 25598 --- [knowledge-graph-algorithrm-service] [           main] com.example.graph.MCPGraphApplication    : The following 1 profile is active: "dev"
2025-07-21T21:41:43.552+08:00  INFO 25598 --- [knowledge-graph-algorithrm-service] [           main] .s.d.r.c.RepositoryConfigurationDelegate : Bootstrapping Spring Data JPA repositories in DEFAULT mode.
2025-07-21T21:41:43.630+08:00  INFO 25598 --- [knowledge-graph-algorithrm-service] [           main] .s.d.r.c.RepositoryConfigurationDelegate : Finished Spring Data repository scanning in 73 ms. Found 1 JPA repository interface.
2025-07-21T21:41:44.141+08:00  INFO 25598 --- [knowledge-graph-algorithrm-service] [           main] o.hibernate.jpa.internal.util.LogHelper  : HHH000204: Processing PersistenceUnitInfo [name: default]
2025-07-21T21:41:44.163+08:00  INFO 25598 --- [knowledge-graph-algorithrm-service] [           main] org.hibernate.Version                    : HHH000412: Hibernate ORM core version 6.6.13.Final
2025-07-21T21:41:44.179+08:00  INFO 25598 --- [knowledge-graph-algorithrm-service] [           main] o.h.c.internal.RegionFactoryInitiator    : HHH000026: Second-level cache disabled
2025-07-21T21:41:44.312+08:00  INFO 25598 --- [knowledge-graph-algorithrm-service] [           main] o.s.o.j.p.SpringPersistenceUnitInfo      : No LoadTimeWeaver setup: ignoring JPA class transformer
2025-07-21T21:41:44.325+08:00  INFO 25598 --- [knowledge-graph-algorithrm-service] [           main] com.zaxxer.hikari.HikariDataSource       : HikariPool-1 - Starting...
2025-07-21T21:41:44.458+08:00  INFO 25598 --- [knowledge-graph-algorithrm-service] [           main] com.zaxxer.hikari.pool.HikariPool        : HikariPool-1 - Added connection com.mysql.cj.jdbc.ConnectionImpl@1b4a3a1
2025-07-21T21:41:44.459+08:00  INFO 25598 --- [knowledge-graph-algorithrm-service] [           main] com.zaxxer.hikari.HikariDataSource       : HikariPool-1 - Start completed.
2025-07-21T21:41:44.545+08:00  WARN 25598 --- [knowledge-graph-algorithrm-service] [           main] org.hibernate.orm.deprecation            : HHH90000025: MySQLDialect does not need to be specified explicitly using 'hibernate.dialect' (remove the property setting and it will be selected by default)
2025-07-21T21:41:44.571+08:00  INFO 25598 --- [knowledge-graph-algorithrm-service] [           main] org.hibernate.orm.connections.pooling    : HHH10001005: Database info:
	Database JDBC URL [Connecting through datasource 'HikariDataSource (HikariPool-1)']
	Database driver: undefined/unknown
	Database version: 8.4.4
	Autocommit mode: undefined/unknown
	Isolation level: undefined/unknown
	Minimum pool size: undefined/unknown
	Maximum pool size: undefined/unknown
2025-07-21T21:41:44.983+08:00  INFO 25598 --- [knowledge-graph-algorithrm-service] [           main] o.h.e.t.j.p.i.JtaPlatformInitiator       : HHH000489: No JTA platform available (set 'hibernate.transaction.jta.platform' to enable JTA platform integration)
2025-07-21T21:41:44.984+08:00  INFO 25598 --- [knowledge-graph-algorithrm-service] [           main] j.LocalContainerEntityManagerFactoryBean : Initialized JPA EntityManagerFactory for persistence unit 'default'
2025-07-21T21:41:45.186+08:00  INFO 25598 --- [knowledge-graph-algorithrm-service] [           main] o.s.d.j.r.query.QueryEnhancerFactory     : Hibernate is in classpath; If applicable, HQL parser will be used.
2025-07-21T21:41:45.669+08:00 DEBUG 25598 --- [knowledge-graph-algorithrm-service] [           main] s.w.r.r.m.a.RequestMappingHandlerMapping : 9 mappings in 'requestMappingHandlerMapping'
2025-07-21T21:41:45.762+08:00 DEBUG 25598 --- [knowledge-graph-algorithrm-service] [           main] o.s.w.r.f.s.s.RouterFunctionMapping      : 1 RouterFunction(s) in 'routerFunctionMapping'
2025-07-21T21:41:45.782+08:00 DEBUG 25598 --- [knowledge-graph-algorithrm-service] [           main] o.s.w.r.r.m.a.ControllerMethodResolver   : ControllerAdvice beans: none
2025-07-21T21:41:45.816+08:00 DEBUG 25598 --- [knowledge-graph-algorithrm-service] [           main] o.s.w.s.adapter.HttpWebHandlerAdapter    : enableLoggingRequestDetails='false': form data and headers will be masked to prevent unsafe logging of potentially sensitive data
2025-07-21T21:41:45.924+08:00  INFO 25598 --- [knowledge-graph-algorithrm-service] [           main] o.s.a.m.s.a.McpServerAutoConfiguration   : Enable tools capabilities, notification: true
2025-07-21T21:41:45.925+08:00  INFO 25598 --- [knowledge-graph-algorithrm-service] [           main] o.s.a.m.s.a.McpServerAutoConfiguration   : Registered tools: 5
2025-07-21T21:41:45.925+08:00  INFO 25598 --- [knowledge-graph-algorithrm-service] [           main] o.s.a.m.s.a.McpServerAutoConfiguration   : Enable resources capabilities, notification: true
2025-07-21T21:41:45.932+08:00  INFO 25598 --- [knowledge-graph-algorithrm-service] [           main] o.s.a.m.s.a.McpServerAutoConfiguration   : Enable prompts capabilities, notification: true
2025-07-21T21:41:45.932+08:00  INFO 25598 --- [knowledge-graph-algorithrm-service] [           main] o.s.a.m.s.a.McpServerAutoConfiguration   : Enable completions capabilities
2025-07-21T21:41:48.994+08:00  WARN 25598 --- [knowledge-graph-algorithrm-service] [           main] onfigReactiveWebServerApplicationContext : Exception encountered during context initialization - cancelling refresh attempt: org.springframework.context.ApplicationContextException: Failed to start bean 'webServerStartStop'
2025-07-21T21:41:49.003+08:00  INFO 25598 --- [knowledge-graph-algorithrm-service] [           main] j.LocalContainerEntityManagerFactoryBean : Closing JPA EntityManagerFactory for persistence unit 'default'
2025-07-21T21:41:49.006+08:00  INFO 25598 --- [knowledge-graph-algorithrm-service] [           main] com.zaxxer.hikari.HikariDataSource       : HikariPool-1 - Shutdown initiated...
2025-07-21T21:41:49.015+08:00  INFO 25598 --- [knowledge-graph-algorithrm-service] [           main] com.zaxxer.hikari.HikariDataSource       : HikariPool-1 - Shutdown completed.
2025-07-21T21:41:49.027+08:00  INFO 25598 --- [knowledge-graph-algorithrm-service] [           main] .s.b.a.l.ConditionEvaluationReportLogger : 

Error starting ApplicationContext. To display the condition evaluation report re-run your application with 'debug' enabled.
2025-07-21T21:41:49.037+08:00 ERROR 25598 --- [knowledge-graph-algorithrm-service] [           main] o.s.b.d.LoggingFailureAnalysisReporter   : 

***************************
APPLICATION FAILED TO START
***************************

Description:

Web server failed to start. Port 5821 was already in use.

Action:

Identify and stop the process that's listening on port 5821 or configure this application to listen on another port.

[INFO] ------------------------------------------------------------------------
[INFO] BUILD FAILURE
[INFO] ------------------------------------------------------------------------
[INFO] Total time:  10.806 s
[INFO] Finished at: 2025-07-21T21:41:50+08:00
[INFO] ------------------------------------------------------------------------
[ERROR] Failed to execute goal org.springframework.boot:spring-boot-maven-plugin:3.4.5:run (default-cli) on project graph-mcpserver: Process terminated with exit code: 1 -> [Help 1]
[ERROR] 
[ERROR] To see the full stack trace of the errors, re-run Maven with the -e switch.
[ERROR] Re-run Maven using the -X switch to enable full debug logging.
[ERROR] 
[ERROR] For more information about the errors and possible solutions, please read the following articles:
[ERROR] [Help 1] http://cwiki.apache.org/confluence/display/MAVEN/MojoExecutionException
